// Jest Snapshot v1, https://goo.gl/fbAQLP

exports[`Header component renders a Header 1`] = `
<header>
  <img
    src="/filepath"
  />
  <h1>
    Simple Dog
  </h1>
</header>
`;
